2025-02-07 09:15:07 - Starting EstadisticasAppApplication using Java 23 with PID 5160 (C:\Users\PC\eclipse-workspace\estadisticas-app\target\classes started by PC in C:\Users\PC\eclipse-workspace\estadisticas-app)
2025-02-07 09:15:07 - Running with Spring Boot v3.4.1, Spring v6.2.1
2025-02-07 09:15:07 - No active profile set, falling back to 1 default profile: "default"
2025-02-07 09:15:08 - Bootstrapping Spring Data JPA repositories in DEFAULT mode.
2025-02-07 09:15:08 - Finished Spring Data repository scanning in 80 ms. Found 1 JPA repository interface.
2025-02-07 09:15:09 - Tomcat initialized with port 8081 (http)
2025-02-07 09:15:09 - Arrancando servicio [Tomcat]
2025-02-07 09:15:09 - Starting Servlet engine: [Apache Tomcat/11.0.0-M22]
2025-02-07 09:15:09 - Al menos un JAR, que se ha explorado buscando TLDs, aún no contenía TLDs. Activar historial de depuración para este historiador para una completa lista de los JARs que fueron explorados y de los que nos se halló TLDs. Saltarse JARs no necesarios durante la exploración puede dar lugar a una mejora de tiempo significativa en el arranque y compilación de JSP .
2025-02-07 09:15:09 - Initializing Spring embedded WebApplicationContext
2025-02-07 09:15:09 - Root WebApplicationContext: initialization completed in 2056 ms
2025-02-07 09:15:09 - HHH000204: Processing PersistenceUnitInfo [name: default]
2025-02-07 09:15:09 - HHH000412: Hibernate ORM core version 6.6.4.Final
2025-02-07 09:15:09 - HHH000026: Second-level cache disabled
2025-02-07 09:15:10 - No LoadTimeWeaver setup: ignoring JPA class transformer
2025-02-07 09:15:10 - HikariPool-1 - Starting...
2025-02-07 09:15:10 - HikariPool-1 - Added connection org.postgresql.jdbc.PgConnection@382faf51
2025-02-07 09:15:10 - HikariPool-1 - Start completed.
2025-02-07 09:15:10 - HHH10001005: Database info:
	Database JDBC URL [Connecting through datasource 'HikariDataSource (HikariPool-1)']
	Database driver: undefined/unknown
	Database version: 16.4
	Autocommit mode: undefined/unknown
	Isolation level: undefined/unknown
	Minimum pool size: undefined/unknown
	Maximum pool size: undefined/unknown
2025-02-07 09:15:11 - HHH000489: No JTA platform available (set 'hibernate.transaction.jta.platform' to enable JTA platform integration)
2025-02-07 09:15:12 - Initialized JPA EntityManagerFactory for persistence unit 'default'
2025-02-07 09:15:12 - spring.jpa.open-in-view is enabled by default. Therefore, database queries may be performed during view rendering. Explicitly configure spring.jpa.open-in-view to disable this warning
2025-02-07 09:15:13 - Tomcat started on port 8081 (http) with context path '/'
2025-02-07 09:15:13 - Started EstadisticasAppApplication in 6.658 seconds (process running for 7.235)
2025-02-07 09:16:26 - Initializing Spring DispatcherServlet 'dispatcherServlet'
2025-02-07 09:16:26 - Initializing Servlet 'dispatcherServlet'
2025-02-07 09:16:26 - Completed initialization in 20 ms
2025-02-07 09:16:26 - Usuario registrado con éxito: jahqeline@live.com.mx
2025-02-07 09:19:24 - Starting EstadisticasAppApplication using Java 23 with PID 9644 (C:\Users\PC\eclipse-workspace\estadisticas-app\target\classes started by PC in C:\Users\PC\eclipse-workspace\estadisticas-app)
2025-02-07 09:19:24 - Running with Spring Boot v3.4.1, Spring v6.2.1
2025-02-07 09:19:24 - No active profile set, falling back to 1 default profile: "default"
2025-02-07 09:19:25 - Bootstrapping Spring Data JPA repositories in DEFAULT mode.
2025-02-07 09:19:25 - Finished Spring Data repository scanning in 70 ms. Found 1 JPA repository interface.
2025-02-07 09:19:26 - Tomcat initialized with port 8081 (http)
2025-02-07 09:19:26 - Arrancando servicio [Tomcat]
2025-02-07 09:19:26 - Starting Servlet engine: [Apache Tomcat/11.0.0-M22]
2025-02-07 09:19:26 - Al menos un JAR, que se ha explorado buscando TLDs, aún no contenía TLDs. Activar historial de depuración para este historiador para una completa lista de los JARs que fueron explorados y de los que nos se halló TLDs. Saltarse JARs no necesarios durante la exploración puede dar lugar a una mejora de tiempo significativa en el arranque y compilación de JSP .
2025-02-07 09:19:26 - Initializing Spring embedded WebApplicationContext
2025-02-07 09:19:26 - Root WebApplicationContext: initialization completed in 1855 ms
2025-02-07 09:19:26 - HHH000204: Processing PersistenceUnitInfo [name: default]
2025-02-07 09:19:27 - HHH000412: Hibernate ORM core version 6.6.4.Final
2025-02-07 09:19:27 - HHH000026: Second-level cache disabled
2025-02-07 09:19:27 - No LoadTimeWeaver setup: ignoring JPA class transformer
2025-02-07 09:19:27 - HikariPool-1 - Starting...
2025-02-07 09:19:27 - HikariPool-1 - Added connection org.postgresql.jdbc.PgConnection@30c01c37
2025-02-07 09:19:27 - HikariPool-1 - Start completed.
2025-02-07 09:19:27 - HHH10001005: Database info:
	Database JDBC URL [Connecting through datasource 'HikariDataSource (HikariPool-1)']
	Database driver: undefined/unknown
	Database version: 16.4
	Autocommit mode: undefined/unknown
	Isolation level: undefined/unknown
	Minimum pool size: undefined/unknown
	Maximum pool size: undefined/unknown
2025-02-07 09:19:29 - HHH000489: No JTA platform available (set 'hibernate.transaction.jta.platform' to enable JTA platform integration)
2025-02-07 09:19:29 - Initialized JPA EntityManagerFactory for persistence unit 'default'
2025-02-07 09:19:30 - spring.jpa.open-in-view is enabled by default. Therefore, database queries may be performed during view rendering. Explicitly configure spring.jpa.open-in-view to disable this warning
2025-02-07 09:19:30 - Tomcat started on port 8081 (http) with context path '/'
2025-02-07 09:19:30 - Started EstadisticasAppApplication in 6.522 seconds (process running for 7.03)
2025-02-07 09:19:49 - Initializing Spring DispatcherServlet 'dispatcherServlet'
2025-02-07 09:19:49 - Initializing Servlet 'dispatcherServlet'
2025-02-07 09:19:49 - Completed initialization in 1 ms
2025-02-07 09:19:49 - Usuario registrado con éxito: jahqeline@live.com.mx
2025-02-07 09:20:17 - Usuario registrado con éxito: osteologia2@gmail.com
2025-02-07 09:26:40 - Starting EstadisticasAppApplication using Java 23 with PID 1072 (C:\Users\PC\eclipse-workspace\estadisticas-app\target\classes started by PC in C:\Users\PC\eclipse-workspace\estadisticas-app)
2025-02-07 09:26:40 - Running with Spring Boot v3.4.1, Spring v6.2.1
2025-02-07 09:26:40 - No active profile set, falling back to 1 default profile: "default"
2025-02-07 09:26:41 - Bootstrapping Spring Data JPA repositories in DEFAULT mode.
2025-02-07 09:26:41 - Finished Spring Data repository scanning in 74 ms. Found 1 JPA repository interface.
2025-02-07 09:26:42 - Tomcat initialized with port 8081 (http)
2025-02-07 09:26:42 - Arrancando servicio [Tomcat]
2025-02-07 09:26:42 - Starting Servlet engine: [Apache Tomcat/11.0.0-M22]
2025-02-07 09:26:42 - Al menos un JAR, que se ha explorado buscando TLDs, aún no contenía TLDs. Activar historial de depuración para este historiador para una completa lista de los JARs que fueron explorados y de los que nos se halló TLDs. Saltarse JARs no necesarios durante la exploración puede dar lugar a una mejora de tiempo significativa en el arranque y compilación de JSP .
2025-02-07 09:26:42 - Initializing Spring embedded WebApplicationContext
2025-02-07 09:26:42 - Root WebApplicationContext: initialization completed in 1947 ms
2025-02-07 09:26:43 - HHH000204: Processing PersistenceUnitInfo [name: default]
2025-02-07 09:26:43 - HHH000412: Hibernate ORM core version 6.6.4.Final
2025-02-07 09:26:43 - HHH000026: Second-level cache disabled
2025-02-07 09:26:43 - No LoadTimeWeaver setup: ignoring JPA class transformer
2025-02-07 09:26:43 - HikariPool-1 - Starting...
2025-02-07 09:26:43 - HikariPool-1 - Added connection org.postgresql.jdbc.PgConnection@30c01c37
2025-02-07 09:26:43 - HikariPool-1 - Start completed.
2025-02-07 09:26:43 - HHH10001005: Database info:
	Database JDBC URL [Connecting through datasource 'HikariDataSource (HikariPool-1)']
	Database driver: undefined/unknown
	Database version: 16.4
	Autocommit mode: undefined/unknown
	Isolation level: undefined/unknown
	Minimum pool size: undefined/unknown
	Maximum pool size: undefined/unknown
2025-02-07 09:26:45 - HHH000489: No JTA platform available (set 'hibernate.transaction.jta.platform' to enable JTA platform integration)
2025-02-07 09:26:45 - Initialized JPA EntityManagerFactory for persistence unit 'default'
2025-02-07 09:26:45 - spring.jpa.open-in-view is enabled by default. Therefore, database queries may be performed during view rendering. Explicitly configure spring.jpa.open-in-view to disable this warning
2025-02-07 09:26:46 - Tomcat started on port 8081 (http) with context path '/'
2025-02-07 09:26:46 - Started EstadisticasAppApplication in 6.295 seconds (process running for 6.902)
2025-02-07 09:27:05 - Initializing Spring DispatcherServlet 'dispatcherServlet'
2025-02-07 09:27:05 - Initializing Servlet 'dispatcherServlet'
2025-02-07 09:27:05 - Completed initialization in 2 ms
2025-02-07 09:27:05 - Usuario registrado con éxito: jahqeline@live.com.mx
2025-02-07 09:32:50 - Starting EstadisticasAppApplication using Java 23 with PID 14632 (C:\Users\PC\eclipse-workspace\estadisticas-app\target\classes started by PC in C:\Users\PC\eclipse-workspace\estadisticas-app)
2025-02-07 09:32:50 - Running with Spring Boot v3.4.1, Spring v6.2.1
2025-02-07 09:32:50 - No active profile set, falling back to 1 default profile: "default"
2025-02-07 09:32:51 - Bootstrapping Spring Data JPA repositories in DEFAULT mode.
2025-02-07 09:32:51 - Finished Spring Data repository scanning in 97 ms. Found 1 JPA repository interface.
2025-02-07 09:32:52 - Tomcat initialized with port 8081 (http)
2025-02-07 09:32:52 - Arrancando servicio [Tomcat]
2025-02-07 09:32:52 - Starting Servlet engine: [Apache Tomcat/11.0.0-M22]
2025-02-07 09:32:53 - Al menos un JAR, que se ha explorado buscando TLDs, aún no contenía TLDs. Activar historial de depuración para este historiador para una completa lista de los JARs que fueron explorados y de los que nos se halló TLDs. Saltarse JARs no necesarios durante la exploración puede dar lugar a una mejora de tiempo significativa en el arranque y compilación de JSP .
2025-02-07 09:32:53 - Initializing Spring embedded WebApplicationContext
2025-02-07 09:32:53 - Root WebApplicationContext: initialization completed in 2745 ms
2025-02-07 09:32:53 - HHH000204: Processing PersistenceUnitInfo [name: default]
2025-02-07 09:32:53 - HHH000412: Hibernate ORM core version 6.6.4.Final
2025-02-07 09:32:53 - HHH000026: Second-level cache disabled
2025-02-07 09:32:53 - No LoadTimeWeaver setup: ignoring JPA class transformer
2025-02-07 09:32:53 - HikariPool-1 - Starting...
2025-02-07 09:32:54 - HikariPool-1 - Added connection org.postgresql.jdbc.PgConnection@30c01c37
2025-02-07 09:32:54 - HikariPool-1 - Start completed.
2025-02-07 09:32:54 - HHH10001005: Database info:
	Database JDBC URL [Connecting through datasource 'HikariDataSource (HikariPool-1)']
	Database driver: undefined/unknown
	Database version: 16.4
	Autocommit mode: undefined/unknown
	Isolation level: undefined/unknown
	Minimum pool size: undefined/unknown
	Maximum pool size: undefined/unknown
2025-02-07 09:32:55 - HHH000489: No JTA platform available (set 'hibernate.transaction.jta.platform' to enable JTA platform integration)
2025-02-07 09:32:55 - Initialized JPA EntityManagerFactory for persistence unit 'default'
2025-02-07 09:32:56 - spring.jpa.open-in-view is enabled by default. Therefore, database queries may be performed during view rendering. Explicitly configure spring.jpa.open-in-view to disable this warning
2025-02-07 09:32:56 - Tomcat started on port 8081 (http) with context path '/'
2025-02-07 09:32:56 - Started EstadisticasAppApplication in 7.052 seconds (process running for 7.706)
2025-02-07 09:33:17 - Initializing Spring DispatcherServlet 'dispatcherServlet'
2025-02-07 09:33:17 - Initializing Servlet 'dispatcherServlet'
2025-02-07 09:33:17 - Completed initialization in 1 ms
2025-02-07 09:33:18 - Usuario registrado con éxito: jahqeline@live.com.mx
2025-02-07 09:35:48 - Starting EstadisticasAppApplication using Java 23 with PID 8684 (C:\Users\PC\eclipse-workspace\estadisticas-app\target\classes started by PC in C:\Users\PC\eclipse-workspace\estadisticas-app)
2025-02-07 09:35:48 - Running with Spring Boot v3.4.1, Spring v6.2.1
2025-02-07 09:35:48 - No active profile set, falling back to 1 default profile: "default"
2025-02-07 09:35:49 - Bootstrapping Spring Data JPA repositories in DEFAULT mode.
2025-02-07 09:35:49 - Finished Spring Data repository scanning in 74 ms. Found 1 JPA repository interface.
2025-02-07 09:35:50 - Tomcat initialized with port 8081 (http)
2025-02-07 09:35:50 - Arrancando servicio [Tomcat]
2025-02-07 09:35:50 - Starting Servlet engine: [Apache Tomcat/11.0.0-M22]
2025-02-07 09:35:50 - Al menos un JAR, que se ha explorado buscando TLDs, aún no contenía TLDs. Activar historial de depuración para este historiador para una completa lista de los JARs que fueron explorados y de los que nos se halló TLDs. Saltarse JARs no necesarios durante la exploración puede dar lugar a una mejora de tiempo significativa en el arranque y compilación de JSP .
2025-02-07 09:35:50 - Initializing Spring embedded WebApplicationContext
2025-02-07 09:35:50 - Root WebApplicationContext: initialization completed in 2246 ms
2025-02-07 09:35:50 - HHH000204: Processing PersistenceUnitInfo [name: default]
2025-02-07 09:35:50 - HHH000412: Hibernate ORM core version 6.6.4.Final
2025-02-07 09:35:50 - HHH000026: Second-level cache disabled
2025-02-07 09:35:51 - No LoadTimeWeaver setup: ignoring JPA class transformer
2025-02-07 09:35:51 - HikariPool-1 - Starting...
2025-02-07 09:35:51 - HikariPool-1 - Added connection org.postgresql.jdbc.PgConnection@714f1a44
2025-02-07 09:35:51 - HikariPool-1 - Start completed.
2025-02-07 09:35:51 - HHH10001005: Database info:
	Database JDBC URL [Connecting through datasource 'HikariDataSource (HikariPool-1)']
	Database driver: undefined/unknown
	Database version: 16.4
	Autocommit mode: undefined/unknown
	Isolation level: undefined/unknown
	Minimum pool size: undefined/unknown
	Maximum pool size: undefined/unknown
2025-02-07 09:35:53 - HHH000489: No JTA platform available (set 'hibernate.transaction.jta.platform' to enable JTA platform integration)
2025-02-07 09:35:53 - Initialized JPA EntityManagerFactory for persistence unit 'default'
2025-02-07 09:35:53 - spring.jpa.open-in-view is enabled by default. Therefore, database queries may be performed during view rendering. Explicitly configure spring.jpa.open-in-view to disable this warning
2025-02-07 09:35:54 - Tomcat started on port 8081 (http) with context path '/'
2025-02-07 09:35:54 - Started EstadisticasAppApplication in 6.484 seconds (process running for 7.004)
2025-02-07 09:36:38 - Initializing Spring DispatcherServlet 'dispatcherServlet'
2025-02-07 09:36:38 - Initializing Servlet 'dispatcherServlet'
2025-02-07 09:36:38 - Completed initialization in 1 ms
2025-02-07 09:36:39 - Usuario registrado con éxito: jahqeline@live.com.mx
2025-02-07 09:40:43 - Starting EstadisticasAppApplication using Java 23 with PID 7256 (C:\Users\PC\eclipse-workspace\estadisticas-app\target\classes started by PC in C:\Users\PC\eclipse-workspace\estadisticas-app)
2025-02-07 09:40:43 - Running with Spring Boot v3.4.1, Spring v6.2.1
2025-02-07 09:40:43 - No active profile set, falling back to 1 default profile: "default"
2025-02-07 09:40:44 - Bootstrapping Spring Data JPA repositories in DEFAULT mode.
2025-02-07 09:40:44 - Finished Spring Data repository scanning in 70 ms. Found 1 JPA repository interface.
2025-02-07 09:40:45 - Tomcat initialized with port 8081 (http)
2025-02-07 09:40:45 - Arrancando servicio [Tomcat]
2025-02-07 09:40:45 - Starting Servlet engine: [Apache Tomcat/11.0.0-M22]
2025-02-07 09:40:45 - Al menos un JAR, que se ha explorado buscando TLDs, aún no contenía TLDs. Activar historial de depuración para este historiador para una completa lista de los JARs que fueron explorados y de los que nos se halló TLDs. Saltarse JARs no necesarios durante la exploración puede dar lugar a una mejora de tiempo significativa en el arranque y compilación de JSP .
2025-02-07 09:40:45 - Initializing Spring embedded WebApplicationContext
2025-02-07 09:40:45 - Root WebApplicationContext: initialization completed in 1730 ms
2025-02-07 09:40:45 - HHH000204: Processing PersistenceUnitInfo [name: default]
2025-02-07 09:40:45 - HHH000412: Hibernate ORM core version 6.6.4.Final
2025-02-07 09:40:45 - HHH000026: Second-level cache disabled
2025-02-07 09:40:46 - No LoadTimeWeaver setup: ignoring JPA class transformer
2025-02-07 09:40:46 - HikariPool-1 - Starting...
2025-02-07 09:40:46 - HikariPool-1 - Added connection org.postgresql.jdbc.PgConnection@6c27e700
2025-02-07 09:40:46 - HikariPool-1 - Start completed.
2025-02-07 09:40:46 - HHH10001005: Database info:
	Database JDBC URL [Connecting through datasource 'HikariDataSource (HikariPool-1)']
	Database driver: undefined/unknown
	Database version: 16.4
	Autocommit mode: undefined/unknown
	Isolation level: undefined/unknown
	Minimum pool size: undefined/unknown
	Maximum pool size: undefined/unknown
2025-02-07 09:40:47 - HHH000489: No JTA platform available (set 'hibernate.transaction.jta.platform' to enable JTA platform integration)
2025-02-07 09:40:47 - Initialized JPA EntityManagerFactory for persistence unit 'default'
2025-02-07 09:40:48 - spring.jpa.open-in-view is enabled by default. Therefore, database queries may be performed during view rendering. Explicitly configure spring.jpa.open-in-view to disable this warning
2025-02-07 09:40:48 - Tomcat started on port 8081 (http) with context path '/'
2025-02-07 09:40:48 - Started EstadisticasAppApplication in 5.593 seconds (process running for 6.082)
2025-02-07 09:41:32 - Initializing Spring DispatcherServlet 'dispatcherServlet'
2025-02-07 09:41:32 - Initializing Servlet 'dispatcherServlet'
2025-02-07 09:41:32 - Completed initialization in 1 ms
2025-02-07 09:41:33 - Usuario registrado con éxito: osteologia2@gmail.com
2025-02-07 09:42:37 - Starting EstadisticasAppApplication using Java 23 with PID 14532 (C:\Users\PC\eclipse-workspace\estadisticas-app\target\classes started by PC in C:\Users\PC\eclipse-workspace\estadisticas-app)
2025-02-07 09:42:37 - Running with Spring Boot v3.4.1, Spring v6.2.1
2025-02-07 09:42:37 - No active profile set, falling back to 1 default profile: "default"
2025-02-07 09:42:38 - Bootstrapping Spring Data JPA repositories in DEFAULT mode.
2025-02-07 09:42:38 - Finished Spring Data repository scanning in 70 ms. Found 1 JPA repository interface.
2025-02-07 09:42:39 - Tomcat initialized with port 8081 (http)
2025-02-07 09:42:39 - Arrancando servicio [Tomcat]
2025-02-07 09:42:39 - Starting Servlet engine: [Apache Tomcat/11.0.0-M22]
2025-02-07 09:42:39 - Al menos un JAR, que se ha explorado buscando TLDs, aún no contenía TLDs. Activar historial de depuración para este historiador para una completa lista de los JARs que fueron explorados y de los que nos se halló TLDs. Saltarse JARs no necesarios durante la exploración puede dar lugar a una mejora de tiempo significativa en el arranque y compilación de JSP .
2025-02-07 09:42:39 - Initializing Spring embedded WebApplicationContext
2025-02-07 09:42:39 - Root WebApplicationContext: initialization completed in 1699 ms
2025-02-07 09:42:39 - HHH000204: Processing PersistenceUnitInfo [name: default]
2025-02-07 09:42:39 - HHH000412: Hibernate ORM core version 6.6.4.Final
2025-02-07 09:42:39 - HHH000026: Second-level cache disabled
2025-02-07 09:42:40 - No LoadTimeWeaver setup: ignoring JPA class transformer
2025-02-07 09:42:40 - HikariPool-1 - Starting...
2025-02-07 09:42:40 - HikariPool-1 - Added connection org.postgresql.jdbc.PgConnection@3c09a350
2025-02-07 09:42:40 - HikariPool-1 - Start completed.
2025-02-07 09:42:40 - HHH10001005: Database info:
	Database JDBC URL [Connecting through datasource 'HikariDataSource (HikariPool-1)']
	Database driver: undefined/unknown
	Database version: 16.4
	Autocommit mode: undefined/unknown
	Isolation level: undefined/unknown
	Minimum pool size: undefined/unknown
	Maximum pool size: undefined/unknown
2025-02-07 09:42:41 - HHH000489: No JTA platform available (set 'hibernate.transaction.jta.platform' to enable JTA platform integration)
2025-02-07 09:42:41 - Initialized JPA EntityManagerFactory for persistence unit 'default'
2025-02-07 09:42:42 - spring.jpa.open-in-view is enabled by default. Therefore, database queries may be performed during view rendering. Explicitly configure spring.jpa.open-in-view to disable this warning
2025-02-07 09:42:42 - Tomcat started on port 8081 (http) with context path '/'
2025-02-07 09:42:42 - Started EstadisticasAppApplication in 5.537 seconds (process running for 6.062)
2025-02-07 09:44:25 - Initializing Spring DispatcherServlet 'dispatcherServlet'
2025-02-07 09:44:25 - Initializing Servlet 'dispatcherServlet'
2025-02-07 09:44:25 - Completed initialization in 1 ms
2025-02-07 09:44:26 - Usuario registrado con éxito: jahqeline@live.com.mx
2025-02-07 09:53:46 - Starting EstadisticasAppApplication using Java 23 with PID 11568 (C:\Users\PC\eclipse-workspace\estadisticas-app\target\classes started by PC in C:\Users\PC\eclipse-workspace\estadisticas-app)
2025-02-07 09:53:46 - Running with Spring Boot v3.4.1, Spring v6.2.1
2025-02-07 09:53:46 - No active profile set, falling back to 1 default profile: "default"
2025-02-07 09:53:47 - Bootstrapping Spring Data JPA repositories in DEFAULT mode.
2025-02-07 09:53:47 - Finished Spring Data repository scanning in 68 ms. Found 1 JPA repository interface.
2025-02-07 09:53:48 - Tomcat initialized with port 8081 (http)
2025-02-07 09:53:48 - Arrancando servicio [Tomcat]
2025-02-07 09:53:48 - Starting Servlet engine: [Apache Tomcat/11.0.0-M22]
2025-02-07 09:53:48 - Al menos un JAR, que se ha explorado buscando TLDs, aún no contenía TLDs. Activar historial de depuración para este historiador para una completa lista de los JARs que fueron explorados y de los que nos se halló TLDs. Saltarse JARs no necesarios durante la exploración puede dar lugar a una mejora de tiempo significativa en el arranque y compilación de JSP .
2025-02-07 09:53:48 - Initializing Spring embedded WebApplicationContext
2025-02-07 09:53:48 - Root WebApplicationContext: initialization completed in 1774 ms
2025-02-07 09:53:48 - HHH000204: Processing PersistenceUnitInfo [name: default]
2025-02-07 09:53:48 - HHH000412: Hibernate ORM core version 6.6.4.Final
2025-02-07 09:53:48 - HHH000026: Second-level cache disabled
2025-02-07 09:53:49 - No LoadTimeWeaver setup: ignoring JPA class transformer
2025-02-07 09:53:49 - HikariPool-1 - Starting...
2025-02-07 09:53:49 - HikariPool-1 - Added connection org.postgresql.jdbc.PgConnection@30c01c37
2025-02-07 09:53:49 - HikariPool-1 - Start completed.
2025-02-07 09:53:49 - HHH10001005: Database info:
	Database JDBC URL [Connecting through datasource 'HikariDataSource (HikariPool-1)']
	Database driver: undefined/unknown
	Database version: 16.4
	Autocommit mode: undefined/unknown
	Isolation level: undefined/unknown
	Minimum pool size: undefined/unknown
	Maximum pool size: undefined/unknown
2025-02-07 09:53:50 - HHH000489: No JTA platform available (set 'hibernate.transaction.jta.platform' to enable JTA platform integration)
2025-02-07 09:53:50 - Initialized JPA EntityManagerFactory for persistence unit 'default'
2025-02-07 09:53:51 - spring.jpa.open-in-view is enabled by default. Therefore, database queries may be performed during view rendering. Explicitly configure spring.jpa.open-in-view to disable this warning
2025-02-07 09:53:51 - Tomcat started on port 8081 (http) with context path '/'
2025-02-07 09:53:51 - Started EstadisticasAppApplication in 5.832 seconds (process running for 6.317)
2025-02-07 09:54:35 - Initializing Spring DispatcherServlet 'dispatcherServlet'
2025-02-07 09:54:35 - Initializing Servlet 'dispatcherServlet'
2025-02-07 09:54:35 - Completed initialization in 2 ms
2025-02-07 09:54:35 - Usuario registrado con éxito: jahqeline@live.com.mx
2025-02-07 10:06:25 - Usuario registrado con éxito: osteologia2@gmail.com
2025-02-07 10:13:26 - Usuario registrado con éxito: hola@gmail.com
2025-02-07 12:21:44 - Starting EstadisticasAppApplication using Java 23 with PID 7368 (C:\Users\PC\eclipse-workspace\estadisticas-app\target\classes started by PC in C:\Users\PC\eclipse-workspace\estadisticas-app)
2025-02-07 12:21:44 - Running with Spring Boot v3.4.1, Spring v6.2.1
2025-02-07 12:21:44 - No active profile set, falling back to 1 default profile: "default"
2025-02-07 12:21:45 - Bootstrapping Spring Data JPA repositories in DEFAULT mode.
2025-02-07 12:21:45 - Finished Spring Data repository scanning in 69 ms. Found 1 JPA repository interface.
2025-02-07 12:21:46 - Tomcat initialized with port 8081 (http)
2025-02-07 12:21:46 - Arrancando servicio [Tomcat]
2025-02-07 12:21:46 - Starting Servlet engine: [Apache Tomcat/11.0.0-M22]
2025-02-07 12:21:47 - Al menos un JAR, que se ha explorado buscando TLDs, aún no contenía TLDs. Activar historial de depuración para este historiador para una completa lista de los JARs que fueron explorados y de los que nos se halló TLDs. Saltarse JARs no necesarios durante la exploración puede dar lugar a una mejora de tiempo significativa en el arranque y compilación de JSP .
2025-02-07 12:21:47 - Initializing Spring embedded WebApplicationContext
2025-02-07 12:21:47 - Root WebApplicationContext: initialization completed in 2115 ms
2025-02-07 12:21:47 - HHH000204: Processing PersistenceUnitInfo [name: default]
2025-02-07 12:21:47 - HHH000412: Hibernate ORM core version 6.6.4.Final
2025-02-07 12:21:47 - HHH000026: Second-level cache disabled
2025-02-07 12:21:47 - No LoadTimeWeaver setup: ignoring JPA class transformer
2025-02-07 12:21:47 - HikariPool-1 - Starting...
2025-02-07 12:21:48 - HikariPool-1 - Added connection org.postgresql.jdbc.PgConnection@502c2278
2025-02-07 12:21:48 - HikariPool-1 - Start completed.
2025-02-07 12:21:48 - HHH10001005: Database info:
	Database JDBC URL [Connecting through datasource 'HikariDataSource (HikariPool-1)']
	Database driver: undefined/unknown
	Database version: 16.4
	Autocommit mode: undefined/unknown
	Isolation level: undefined/unknown
	Minimum pool size: undefined/unknown
	Maximum pool size: undefined/unknown
2025-02-07 12:21:49 - HHH000489: No JTA platform available (set 'hibernate.transaction.jta.platform' to enable JTA platform integration)
2025-02-07 12:21:49 - Initialized JPA EntityManagerFactory for persistence unit 'default'
2025-02-07 12:21:50 - spring.jpa.open-in-view is enabled by default. Therefore, database queries may be performed during view rendering. Explicitly configure spring.jpa.open-in-view to disable this warning
2025-02-07 12:21:51 - Tomcat started on port 8081 (http) with context path '/'
2025-02-07 12:21:51 - Started EstadisticasAppApplication in 6.905 seconds (process running for 7.524)
2025-02-07 12:46:42 - Starting EstadisticasAppApplication using Java 23 with PID 5576 (C:\Users\PC\eclipse-workspace\estadisticas-app\target\classes started by PC in C:\Users\PC\eclipse-workspace\estadisticas-app)
2025-02-07 12:46:42 - Running with Spring Boot v3.4.1, Spring v6.2.1
2025-02-07 12:46:42 - No active profile set, falling back to 1 default profile: "default"
2025-02-07 12:46:43 - Bootstrapping Spring Data JPA repositories in DEFAULT mode.
2025-02-07 12:46:43 - Finished Spring Data repository scanning in 102 ms. Found 1 JPA repository interface.
2025-02-07 12:46:44 - Tomcat initialized with port 8081 (http)
2025-02-07 12:46:44 - Arrancando servicio [Tomcat]
2025-02-07 12:46:44 - Starting Servlet engine: [Apache Tomcat/11.0.0-M22]
2025-02-07 12:46:44 - Al menos un JAR, que se ha explorado buscando TLDs, aún no contenía TLDs. Activar historial de depuración para este historiador para una completa lista de los JARs que fueron explorados y de los que nos se halló TLDs. Saltarse JARs no necesarios durante la exploración puede dar lugar a una mejora de tiempo significativa en el arranque y compilación de JSP .
2025-02-07 12:46:44 - Initializing Spring embedded WebApplicationContext
2025-02-07 12:46:44 - Root WebApplicationContext: initialization completed in 2304 ms
2025-02-07 12:46:44 - HHH000204: Processing PersistenceUnitInfo [name: default]
2025-02-07 12:46:44 - HHH000412: Hibernate ORM core version 6.6.4.Final
2025-02-07 12:46:44 - HHH000026: Second-level cache disabled
2025-02-07 12:46:45 - No LoadTimeWeaver setup: ignoring JPA class transformer
2025-02-07 12:46:45 - HikariPool-1 - Starting...
2025-02-07 12:46:45 - HikariPool-1 - Added connection org.postgresql.jdbc.PgConnection@39a7eca5
2025-02-07 12:46:45 - HikariPool-1 - Start completed.
2025-02-07 12:46:45 - HHH10001005: Database info:
	Database JDBC URL [Connecting through datasource 'HikariDataSource (HikariPool-1)']
	Database driver: undefined/unknown
	Database version: 16.4
	Autocommit mode: undefined/unknown
	Isolation level: undefined/unknown
	Minimum pool size: undefined/unknown
	Maximum pool size: undefined/unknown
2025-02-07 12:46:47 - HHH000489: No JTA platform available (set 'hibernate.transaction.jta.platform' to enable JTA platform integration)
2025-02-07 12:46:47 - Initialized JPA EntityManagerFactory for persistence unit 'default'
2025-02-07 12:46:47 - spring.jpa.open-in-view is enabled by default. Therefore, database queries may be performed during view rendering. Explicitly configure spring.jpa.open-in-view to disable this warning
2025-02-07 12:46:48 - Tomcat started on port 8081 (http) with context path '/'
2025-02-07 12:46:48 - Started EstadisticasAppApplication in 6.67 seconds (process running for 7.216)
2025-02-07 12:47:24 - Initializing Spring DispatcherServlet 'dispatcherServlet'
2025-02-07 12:47:24 - Initializing Servlet 'dispatcherServlet'
2025-02-07 12:47:24 - Completed initialization in 1 ms
2025-02-07 12:47:25 - Usuario registrado con éxito: jahqeline@live.com.mx
2025-02-07 12:52:55 - Usuario registrado con éxito: osteologia2@gmail.com
2025-02-07 12:55:06 - Starting EstadisticasAppApplication using Java 23 with PID 4352 (C:\Users\PC\eclipse-workspace\estadisticas-app\target\classes started by PC in C:\Users\PC\eclipse-workspace\estadisticas-app)
2025-02-07 12:55:06 - Running with Spring Boot v3.4.1, Spring v6.2.1
2025-02-07 12:55:06 - No active profile set, falling back to 1 default profile: "default"
2025-02-07 12:55:07 - Bootstrapping Spring Data JPA repositories in DEFAULT mode.
2025-02-07 12:55:07 - Finished Spring Data repository scanning in 71 ms. Found 1 JPA repository interface.
2025-02-07 12:55:08 - Tomcat initialized with port 8081 (http)
2025-02-07 12:55:08 - Arrancando servicio [Tomcat]
2025-02-07 12:55:08 - Starting Servlet engine: [Apache Tomcat/11.0.0-M22]
2025-02-07 12:55:08 - Al menos un JAR, que se ha explorado buscando TLDs, aún no contenía TLDs. Activar historial de depuración para este historiador para una completa lista de los JARs que fueron explorados y de los que nos se halló TLDs. Saltarse JARs no necesarios durante la exploración puede dar lugar a una mejora de tiempo significativa en el arranque y compilación de JSP .
2025-02-07 12:55:08 - Initializing Spring embedded WebApplicationContext
2025-02-07 12:55:08 - Root WebApplicationContext: initialization completed in 2101 ms
2025-02-07 12:55:08 - HHH000204: Processing PersistenceUnitInfo [name: default]
2025-02-07 12:55:08 - HHH000412: Hibernate ORM core version 6.6.4.Final
2025-02-07 12:55:08 - HHH000026: Second-level cache disabled
2025-02-07 12:55:09 - No LoadTimeWeaver setup: ignoring JPA class transformer
2025-02-07 12:55:09 - HikariPool-1 - Starting...
2025-02-07 12:55:09 - HikariPool-1 - Added connection org.postgresql.jdbc.PgConnection@30c01c37
2025-02-07 12:55:09 - HikariPool-1 - Start completed.
2025-02-07 12:55:09 - HHH10001005: Database info:
	Database JDBC URL [Connecting through datasource 'HikariDataSource (HikariPool-1)']
	Database driver: undefined/unknown
	Database version: 16.4
	Autocommit mode: undefined/unknown
	Isolation level: undefined/unknown
	Minimum pool size: undefined/unknown
	Maximum pool size: undefined/unknown
2025-02-07 12:55:10 - HHH000489: No JTA platform available (set 'hibernate.transaction.jta.platform' to enable JTA platform integration)
2025-02-07 12:55:11 - Initialized JPA EntityManagerFactory for persistence unit 'default'
2025-02-07 12:55:11 - spring.jpa.open-in-view is enabled by default. Therefore, database queries may be performed during view rendering. Explicitly configure spring.jpa.open-in-view to disable this warning
2025-02-07 12:55:12 - Tomcat started on port 8081 (http) with context path '/'
2025-02-07 12:55:12 - Started EstadisticasAppApplication in 6.94 seconds (process running for 7.617)
2025-02-07 12:55:48 - Initializing Spring DispatcherServlet 'dispatcherServlet'
2025-02-07 12:55:48 - Initializing Servlet 'dispatcherServlet'
2025-02-07 12:55:48 - Completed initialization in 2 ms
2025-02-07 12:55:49 - Usuario registrado con éxito: jahqeline@live.com.mx
2025-02-07 13:00:18 - Usuario registrado con éxito: osteologia2@gmail.com
2025-02-07 13:12:27 - Starting EstadisticasAppApplication using Java 23 with PID 5544 (C:\Users\PC\eclipse-workspace\estadisticas-app\target\classes started by PC in C:\Users\PC\eclipse-workspace\estadisticas-app)
2025-02-07 13:12:27 - Running with Spring Boot v3.4.1, Spring v6.2.1
2025-02-07 13:12:27 - No active profile set, falling back to 1 default profile: "default"
2025-02-07 13:12:28 - Bootstrapping Spring Data JPA repositories in DEFAULT mode.
2025-02-07 13:12:28 - Finished Spring Data repository scanning in 78 ms. Found 1 JPA repository interface.
2025-02-07 13:12:29 - Tomcat initialized with port 8081 (http)
2025-02-07 13:12:29 - Arrancando servicio [Tomcat]
2025-02-07 13:12:29 - Starting Servlet engine: [Apache Tomcat/11.0.0-M22]
2025-02-07 13:12:29 - Al menos un JAR, que se ha explorado buscando TLDs, aún no contenía TLDs. Activar historial de depuración para este historiador para una completa lista de los JARs que fueron explorados y de los que nos se halló TLDs. Saltarse JARs no necesarios durante la exploración puede dar lugar a una mejora de tiempo significativa en el arranque y compilación de JSP .
2025-02-07 13:12:29 - Initializing Spring embedded WebApplicationContext
2025-02-07 13:12:29 - Root WebApplicationContext: initialization completed in 2269 ms
2025-02-07 13:12:29 - HHH000204: Processing PersistenceUnitInfo [name: default]
2025-02-07 13:12:30 - HHH000412: Hibernate ORM core version 6.6.4.Final
2025-02-07 13:12:30 - HHH000026: Second-level cache disabled
2025-02-07 13:12:30 - No LoadTimeWeaver setup: ignoring JPA class transformer
2025-02-07 13:12:30 - HikariPool-1 - Starting...
2025-02-07 13:12:30 - HikariPool-1 - Added connection org.postgresql.jdbc.PgConnection@30c01c37
2025-02-07 13:12:30 - HikariPool-1 - Start completed.
2025-02-07 13:12:30 - HHH10001005: Database info:
	Database JDBC URL [Connecting through datasource 'HikariDataSource (HikariPool-1)']
	Database driver: undefined/unknown
	Database version: 16.4
	Autocommit mode: undefined/unknown
	Isolation level: undefined/unknown
	Minimum pool size: undefined/unknown
	Maximum pool size: undefined/unknown
2025-02-07 13:12:32 - HHH000489: No JTA platform available (set 'hibernate.transaction.jta.platform' to enable JTA platform integration)
2025-02-07 13:12:32 - Initialized JPA EntityManagerFactory for persistence unit 'default'
2025-02-07 13:12:33 - spring.jpa.open-in-view is enabled by default. Therefore, database queries may be performed during view rendering. Explicitly configure spring.jpa.open-in-view to disable this warning
2025-02-07 13:12:34 - Tomcat started on port 8081 (http) with context path '/'
2025-02-07 13:12:34 - Started EstadisticasAppApplication in 7.501 seconds (process running for 8.139)
2025-02-07 13:14:46 - Initializing Spring DispatcherServlet 'dispatcherServlet'
2025-02-07 13:14:46 - Initializing Servlet 'dispatcherServlet'
2025-02-07 13:14:46 - Completed initialization in 2 ms
2025-02-07 13:14:47 - Usuario registrado con éxito: osteologia2@gmail.com
2025-02-07 13:16:27 - Usuario registrado con éxito: jahqeline@live.com.mx
2025-02-07 13:26:16 - Starting EstadisticasAppApplication using Java 23 with PID 14216 (C:\Users\PC\eclipse-workspace\estadisticas-app\target\classes started by PC in C:\Users\PC\eclipse-workspace\estadisticas-app)
2025-02-07 13:26:16 - Running with Spring Boot v3.4.1, Spring v6.2.1
2025-02-07 13:26:16 - No active profile set, falling back to 1 default profile: "default"
2025-02-07 13:26:17 - Bootstrapping Spring Data JPA repositories in DEFAULT mode.
2025-02-07 13:26:17 - Finished Spring Data repository scanning in 70 ms. Found 1 JPA repository interface.
2025-02-07 13:26:18 - Tomcat initialized with port 8081 (http)
2025-02-07 13:26:18 - Arrancando servicio [Tomcat]
2025-02-07 13:26:18 - Starting Servlet engine: [Apache Tomcat/11.0.0-M22]
2025-02-07 13:26:18 - Al menos un JAR, que se ha explorado buscando TLDs, aún no contenía TLDs. Activar historial de depuración para este historiador para una completa lista de los JARs que fueron explorados y de los que nos se halló TLDs. Saltarse JARs no necesarios durante la exploración puede dar lugar a una mejora de tiempo significativa en el arranque y compilación de JSP .
2025-02-07 13:26:18 - Initializing Spring embedded WebApplicationContext
2025-02-07 13:26:18 - Root WebApplicationContext: initialization completed in 2245 ms
2025-02-07 13:26:18 - HHH000204: Processing PersistenceUnitInfo [name: default]
2025-02-07 13:26:18 - HHH000412: Hibernate ORM core version 6.6.4.Final
2025-02-07 13:26:18 - HHH000026: Second-level cache disabled
2025-02-07 13:26:19 - No LoadTimeWeaver setup: ignoring JPA class transformer
2025-02-07 13:26:19 - HikariPool-1 - Starting...
2025-02-07 13:26:19 - HikariPool-1 - Added connection org.postgresql.jdbc.PgConnection@30c01c37
2025-02-07 13:26:19 - HikariPool-1 - Start completed.
2025-02-07 13:26:19 - HHH10001005: Database info:
	Database JDBC URL [Connecting through datasource 'HikariDataSource (HikariPool-1)']
	Database driver: undefined/unknown
	Database version: 16.4
	Autocommit mode: undefined/unknown
	Isolation level: undefined/unknown
	Minimum pool size: undefined/unknown
	Maximum pool size: undefined/unknown
2025-02-07 13:26:21 - HHH000489: No JTA platform available (set 'hibernate.transaction.jta.platform' to enable JTA platform integration)
2025-02-07 13:26:21 - Initialized JPA EntityManagerFactory for persistence unit 'default'
2025-02-07 13:26:22 - spring.jpa.open-in-view is enabled by default. Therefore, database queries may be performed during view rendering. Explicitly configure spring.jpa.open-in-view to disable this warning
2025-02-07 13:26:22 - Tomcat started on port 8081 (http) with context path '/'
2025-02-07 13:26:22 - Started EstadisticasAppApplication in 7.05 seconds (process running for 7.646)
2025-02-07 13:27:06 - Initializing Spring DispatcherServlet 'dispatcherServlet'
2025-02-07 13:27:06 - Initializing Servlet 'dispatcherServlet'
2025-02-07 13:27:06 - Completed initialization in 5 ms
2025-02-07 13:27:07 - Usuario registrado con éxito: jahqeline@live.com.mx
2025-02-07 13:45:22 - Starting EstadisticasAppApplication using Java 23 with PID 2060 (C:\Users\PC\eclipse-workspace\estadisticas-app\target\classes started by PC in C:\Users\PC\eclipse-workspace\estadisticas-app)
2025-02-07 13:45:22 - Running with Spring Boot v3.4.1, Spring v6.2.1
2025-02-07 13:45:22 - No active profile set, falling back to 1 default profile: "default"
2025-02-07 13:45:23 - Bootstrapping Spring Data JPA repositories in DEFAULT mode.
2025-02-07 13:45:23 - Finished Spring Data repository scanning in 88 ms. Found 1 JPA repository interface.
2025-02-07 13:45:24 - Tomcat initialized with port 8081 (http)
2025-02-07 13:45:24 - Arrancando servicio [Tomcat]
2025-02-07 13:45:24 - Starting Servlet engine: [Apache Tomcat/11.0.0-M22]
2025-02-07 13:45:24 - Al menos un JAR, que se ha explorado buscando TLDs, aún no contenía TLDs. Activar historial de depuración para este historiador para una completa lista de los JARs que fueron explorados y de los que nos se halló TLDs. Saltarse JARs no necesarios durante la exploración puede dar lugar a una mejora de tiempo significativa en el arranque y compilación de JSP .
2025-02-07 13:45:24 - Initializing Spring embedded WebApplicationContext
2025-02-07 13:45:24 - Root WebApplicationContext: initialization completed in 1992 ms
2025-02-07 13:45:24 - HHH000204: Processing PersistenceUnitInfo [name: default]
2025-02-07 13:45:25 - HHH000412: Hibernate ORM core version 6.6.4.Final
2025-02-07 13:45:25 - HHH000026: Second-level cache disabled
2025-02-07 13:45:25 - No LoadTimeWeaver setup: ignoring JPA class transformer
2025-02-07 13:45:25 - HikariPool-1 - Starting...
2025-02-07 13:45:25 - HikariPool-1 - Added connection org.postgresql.jdbc.PgConnection@30c01c37
2025-02-07 13:45:25 - HikariPool-1 - Start completed.
2025-02-07 13:45:25 - HHH10001005: Database info:
	Database JDBC URL [Connecting through datasource 'HikariDataSource (HikariPool-1)']
	Database driver: undefined/unknown
	Database version: 16.4
	Autocommit mode: undefined/unknown
	Isolation level: undefined/unknown
	Minimum pool size: undefined/unknown
	Maximum pool size: undefined/unknown
2025-02-07 13:45:27 - HHH000489: No JTA platform available (set 'hibernate.transaction.jta.platform' to enable JTA platform integration)
2025-02-07 13:45:27 - Initialized JPA EntityManagerFactory for persistence unit 'default'
2025-02-07 13:45:27 - spring.jpa.open-in-view is enabled by default. Therefore, database queries may be performed during view rendering. Explicitly configure spring.jpa.open-in-view to disable this warning
2025-02-07 13:45:28 - Tomcat started on port 8081 (http) with context path '/'
2025-02-07 13:45:28 - Started EstadisticasAppApplication in 6.066 seconds (process running for 6.614)
2025-02-07 13:45:57 - Initializing Spring DispatcherServlet 'dispatcherServlet'
2025-02-07 13:45:57 - Initializing Servlet 'dispatcherServlet'
2025-02-07 13:45:57 - Completed initialization in 3 ms
2025-02-07 13:45:57 - Usuario registrado con éxito: jahqeline@live.com.mx
2025-02-07 13:47:09 - Starting EstadisticasAppApplication using Java 23 with PID 14360 (C:\Users\PC\eclipse-workspace\estadisticas-app\target\classes started by PC in C:\Users\PC\eclipse-workspace\estadisticas-app)
2025-02-07 13:47:09 - Running with Spring Boot v3.4.1, Spring v6.2.1
2025-02-07 13:47:09 - No active profile set, falling back to 1 default profile: "default"
2025-02-07 13:47:10 - Bootstrapping Spring Data JPA repositories in DEFAULT mode.
2025-02-07 13:47:10 - Finished Spring Data repository scanning in 113 ms. Found 1 JPA repository interface.
2025-02-07 13:47:11 - Tomcat initialized with port 8081 (http)
2025-02-07 13:47:11 - Arrancando servicio [Tomcat]
2025-02-07 13:47:11 - Starting Servlet engine: [Apache Tomcat/11.0.0-M22]
2025-02-07 13:47:11 - Al menos un JAR, que se ha explorado buscando TLDs, aún no contenía TLDs. Activar historial de depuración para este historiador para una completa lista de los JARs que fueron explorados y de los que nos se halló TLDs. Saltarse JARs no necesarios durante la exploración puede dar lugar a una mejora de tiempo significativa en el arranque y compilación de JSP .
2025-02-07 13:47:11 - Initializing Spring embedded WebApplicationContext
2025-02-07 13:47:11 - Root WebApplicationContext: initialization completed in 2240 ms
2025-02-07 13:47:12 - HHH000204: Processing PersistenceUnitInfo [name: default]
2025-02-07 13:47:12 - HHH000412: Hibernate ORM core version 6.6.4.Final
2025-02-07 13:47:12 - HHH000026: Second-level cache disabled
2025-02-07 13:47:12 - No LoadTimeWeaver setup: ignoring JPA class transformer
2025-02-07 13:47:12 - HikariPool-1 - Starting...
2025-02-07 13:47:12 - HikariPool-1 - Added connection org.postgresql.jdbc.PgConnection@696174d3
2025-02-07 13:47:12 - HikariPool-1 - Start completed.
2025-02-07 13:47:13 - HHH10001005: Database info:
	Database JDBC URL [Connecting through datasource 'HikariDataSource (HikariPool-1)']
	Database driver: undefined/unknown
	Database version: 16.4
	Autocommit mode: undefined/unknown
	Isolation level: undefined/unknown
	Minimum pool size: undefined/unknown
	Maximum pool size: undefined/unknown
2025-02-07 13:47:14 - HHH000489: No JTA platform available (set 'hibernate.transaction.jta.platform' to enable JTA platform integration)
2025-02-07 13:47:14 - Initialized JPA EntityManagerFactory for persistence unit 'default'
2025-02-07 13:47:15 - spring.jpa.open-in-view is enabled by default. Therefore, database queries may be performed during view rendering. Explicitly configure spring.jpa.open-in-view to disable this warning
2025-02-07 13:47:15 - Tomcat started on port 8081 (http) with context path '/'
2025-02-07 13:47:15 - Started EstadisticasAppApplication in 6.802 seconds (process running for 7.571)
2025-02-07 13:47:41 - Initializing Spring DispatcherServlet 'dispatcherServlet'
2025-02-07 13:47:41 - Initializing Servlet 'dispatcherServlet'
2025-02-07 13:47:41 - Completed initialization in 1 ms
2025-02-07 13:47:42 - Usuario registrado con éxito: jahqeline@live.com.mx
2025-02-07 13:52:39 - Starting EstadisticasAppApplication using Java 23 with PID 9808 (C:\Users\PC\eclipse-workspace\estadisticas-app\target\classes started by PC in C:\Users\PC\eclipse-workspace\estadisticas-app)
2025-02-07 13:52:39 - Running with Spring Boot v3.4.1, Spring v6.2.1
2025-02-07 13:52:39 - No active profile set, falling back to 1 default profile: "default"
2025-02-07 13:52:41 - Bootstrapping Spring Data JPA repositories in DEFAULT mode.
2025-02-07 13:52:41 - Finished Spring Data repository scanning in 77 ms. Found 1 JPA repository interface.
2025-02-07 13:52:41 - Tomcat initialized with port 8081 (http)
2025-02-07 13:52:41 - Arrancando servicio [Tomcat]
2025-02-07 13:52:41 - Starting Servlet engine: [Apache Tomcat/11.0.0-M22]
2025-02-07 13:52:42 - Al menos un JAR, que se ha explorado buscando TLDs, aún no contenía TLDs. Activar historial de depuración para este historiador para una completa lista de los JARs que fueron explorados y de los que nos se halló TLDs. Saltarse JARs no necesarios durante la exploración puede dar lugar a una mejora de tiempo significativa en el arranque y compilación de JSP .
2025-02-07 13:52:42 - Initializing Spring embedded WebApplicationContext
2025-02-07 13:52:42 - Root WebApplicationContext: initialization completed in 2595 ms
2025-02-07 13:52:42 - HHH000204: Processing PersistenceUnitInfo [name: default]
2025-02-07 13:52:42 - HHH000412: Hibernate ORM core version 6.6.4.Final
2025-02-07 13:52:42 - HHH000026: Second-level cache disabled
2025-02-07 13:52:42 - No LoadTimeWeaver setup: ignoring JPA class transformer
2025-02-07 13:52:42 - HikariPool-1 - Starting...
2025-02-07 13:52:43 - HikariPool-1 - Added connection org.postgresql.jdbc.PgConnection@25fd6d1e
2025-02-07 13:52:43 - HikariPool-1 - Start completed.
2025-02-07 13:52:43 - HHH10001005: Database info:
	Database JDBC URL [Connecting through datasource 'HikariDataSource (HikariPool-1)']
	Database driver: undefined/unknown
	Database version: 16.4
	Autocommit mode: undefined/unknown
	Isolation level: undefined/unknown
	Minimum pool size: undefined/unknown
	Maximum pool size: undefined/unknown
2025-02-07 13:52:44 - HHH000489: No JTA platform available (set 'hibernate.transaction.jta.platform' to enable JTA platform integration)
2025-02-07 13:52:44 - Initialized JPA EntityManagerFactory for persistence unit 'default'
2025-02-07 13:52:45 - spring.jpa.open-in-view is enabled by default. Therefore, database queries may be performed during view rendering. Explicitly configure spring.jpa.open-in-view to disable this warning
2025-02-07 13:52:45 - Tomcat started on port 8081 (http) with context path '/'
2025-02-07 13:52:45 - Started EstadisticasAppApplication in 6.579 seconds (process running for 7.123)
2025-02-07 13:53:13 - Initializing Spring DispatcherServlet 'dispatcherServlet'
2025-02-07 13:53:13 - Initializing Servlet 'dispatcherServlet'
2025-02-07 13:53:13 - Completed initialization in 1 ms
2025-02-07 13:53:13 - Usuario registrado con éxito: osteologia2@gmail.com
2025-02-07 14:01:06 - Starting EstadisticasAppApplication using Java 23 with PID 11588 (C:\Users\PC\eclipse-workspace\estadisticas-app\target\classes started by PC in C:\Users\PC\eclipse-workspace\estadisticas-app)
2025-02-07 14:01:06 - Running with Spring Boot v3.4.1, Spring v6.2.1
2025-02-07 14:01:06 - No active profile set, falling back to 1 default profile: "default"
2025-02-07 14:01:07 - Bootstrapping Spring Data JPA repositories in DEFAULT mode.
2025-02-07 14:01:07 - Finished Spring Data repository scanning in 77 ms. Found 1 JPA repository interface.
2025-02-07 14:01:08 - Tomcat initialized with port 8081 (http)
2025-02-07 14:01:08 - Arrancando servicio [Tomcat]
2025-02-07 14:01:08 - Starting Servlet engine: [Apache Tomcat/11.0.0-M22]
2025-02-07 14:01:08 - Al menos un JAR, que se ha explorado buscando TLDs, aún no contenía TLDs. Activar historial de depuración para este historiador para una completa lista de los JARs que fueron explorados y de los que nos se halló TLDs. Saltarse JARs no necesarios durante la exploración puede dar lugar a una mejora de tiempo significativa en el arranque y compilación de JSP .
2025-02-07 14:01:08 - Initializing Spring embedded WebApplicationContext
2025-02-07 14:01:08 - Root WebApplicationContext: initialization completed in 1935 ms
2025-02-07 14:01:08 - HHH000204: Processing PersistenceUnitInfo [name: default]
2025-02-07 14:01:08 - HHH000412: Hibernate ORM core version 6.6.4.Final
2025-02-07 14:01:08 - HHH000026: Second-level cache disabled
2025-02-07 14:01:09 - No LoadTimeWeaver setup: ignoring JPA class transformer
2025-02-07 14:01:09 - HikariPool-1 - Starting...
2025-02-07 14:01:09 - HikariPool-1 - Added connection org.postgresql.jdbc.PgConnection@30c01c37
2025-02-07 14:01:09 - HikariPool-1 - Start completed.
2025-02-07 14:01:09 - HHH10001005: Database info:
	Database JDBC URL [Connecting through datasource 'HikariDataSource (HikariPool-1)']
	Database driver: undefined/unknown
	Database version: 16.4
	Autocommit mode: undefined/unknown
	Isolation level: undefined/unknown
	Minimum pool size: undefined/unknown
	Maximum pool size: undefined/unknown
2025-02-07 14:01:10 - HHH000489: No JTA platform available (set 'hibernate.transaction.jta.platform' to enable JTA platform integration)
2025-02-07 14:01:10 - Initialized JPA EntityManagerFactory for persistence unit 'default'
2025-02-07 14:01:11 - spring.jpa.open-in-view is enabled by default. Therefore, database queries may be performed during view rendering. Explicitly configure spring.jpa.open-in-view to disable this warning
2025-02-07 14:01:12 - Tomcat started on port 8081 (http) with context path '/'
2025-02-07 14:01:12 - Started EstadisticasAppApplication in 6.286 seconds (process running for 6.781)
2025-02-07 14:01:55 - Initializing Spring DispatcherServlet 'dispatcherServlet'
2025-02-07 14:01:55 - Initializing Servlet 'dispatcherServlet'
2025-02-07 14:01:55 - Completed initialization in 2 ms
2025-02-07 14:01:55 - Usuario registrado con éxito: osteologia2@gmail.com
2025-02-07 14:13:55 - Starting EstadisticasAppApplication using Java 23 with PID 7844 (C:\Users\PC\eclipse-workspace\estadisticas-app\target\classes started by PC in C:\Users\PC\eclipse-workspace\estadisticas-app)
2025-02-07 14:13:55 - Running with Spring Boot v3.4.1, Spring v6.2.1
2025-02-07 14:13:55 - No active profile set, falling back to 1 default profile: "default"
2025-02-07 14:13:56 - Bootstrapping Spring Data JPA repositories in DEFAULT mode.
2025-02-07 14:13:56 - Finished Spring Data repository scanning in 152 ms. Found 1 JPA repository interface.
2025-02-07 14:13:58 - Tomcat initialized with port 8081 (http)
2025-02-07 14:13:58 - Arrancando servicio [Tomcat]
2025-02-07 14:13:58 - Starting Servlet engine: [Apache Tomcat/11.0.0-M22]
2025-02-07 14:13:58 - Al menos un JAR, que se ha explorado buscando TLDs, aún no contenía TLDs. Activar historial de depuración para este historiador para una completa lista de los JARs que fueron explorados y de los que nos se halló TLDs. Saltarse JARs no necesarios durante la exploración puede dar lugar a una mejora de tiempo significativa en el arranque y compilación de JSP .
2025-02-07 14:13:58 - Initializing Spring embedded WebApplicationContext
2025-02-07 14:13:58 - Root WebApplicationContext: initialization completed in 2731 ms
2025-02-07 14:13:58 - HHH000204: Processing PersistenceUnitInfo [name: default]
2025-02-07 14:13:58 - HHH000412: Hibernate ORM core version 6.6.4.Final
2025-02-07 14:13:58 - HHH000026: Second-level cache disabled
2025-02-07 14:13:59 - No LoadTimeWeaver setup: ignoring JPA class transformer
2025-02-07 14:13:59 - HikariPool-1 - Starting...
2025-02-07 14:13:59 - HikariPool-1 - Added connection org.postgresql.jdbc.PgConnection@1209a0f
2025-02-07 14:13:59 - HikariPool-1 - Start completed.
2025-02-07 14:13:59 - HHH10001005: Database info:
	Database JDBC URL [Connecting through datasource 'HikariDataSource (HikariPool-1)']
	Database driver: undefined/unknown
	Database version: 16.4
	Autocommit mode: undefined/unknown
	Isolation level: undefined/unknown
	Minimum pool size: undefined/unknown
	Maximum pool size: undefined/unknown
2025-02-07 14:14:01 - HHH000489: No JTA platform available (set 'hibernate.transaction.jta.platform' to enable JTA platform integration)
2025-02-07 14:14:01 - Initialized JPA EntityManagerFactory for persistence unit 'default'
2025-02-07 14:14:01 - spring.jpa.open-in-view is enabled by default. Therefore, database queries may be performed during view rendering. Explicitly configure spring.jpa.open-in-view to disable this warning
2025-02-07 14:14:02 - Tomcat started on port 8081 (http) with context path '/'
2025-02-07 14:14:02 - Started EstadisticasAppApplication in 7.522 seconds (process running for 8.274)
2025-02-07 14:14:35 - Initializing Spring DispatcherServlet 'dispatcherServlet'
2025-02-07 14:14:35 - Initializing Servlet 'dispatcherServlet'
2025-02-07 14:14:35 - Completed initialization in 1 ms
2025-02-07 14:14:36 - Usuario registrado con éxito: osteologia2@gmail.com
